node.exe : D:\hackathon\Or
der_Management_System\serv
er\node_modules\@prisma\cl
ient\src\runtime\getPrisma
Client.ts:320
At C:\Program 
Files\nodejs\npx.ps1:29 
char:3
+   & $NODE_EXE 
$NPX_CLI_JS $args
+   ~~~~~~~~~~~~~~~~~~~~~~
~~~~~~~
    + CategoryInfo        
      : NotSpecified: (D  
  :\hackathon\Or...maCl   
 ient.ts:320:String) [    
], RemoteException
    + FullyQualifiedError 
   Id : NativeCommandErr  
  or
 
        throw new PrismaCl
ientInitializationError(
              ^
PrismaClientInitialization
Error: `PrismaClient` 
needs to be constructed 
with a non-empty, valid 
`PrismaClientOptions`:

```
new PrismaClient({
  ...
})
```

or

```
constructor() {
  super({ ... });
}
```
          
    at new t (D:\hackathon
\Order_Management_System\s
erver\node_modules\@prisma
\client\src\runtime\getPri
smaClient.ts:320:15)
    at main (D:\hackathon\
Order_Management_System\se
rver\test_cost_center.ts:5
:18)
    at Object.<anonymous> 
(D:\hackathon\Order_Manage
ment_System\server\test_co
st_center.ts:25:1)
    at Module._compile (no
de:internal/modules/cjs/lo
ader:1730:14)
    at Module.m._compile (
D:\hackathon\Order_Managem
ent_System\server\node_mod
ules\ts-node\src\index.ts:
1618:23)
    at node:internal/modul
es/cjs/loader:1895:10
    at Object.require.exte
nsions.<computed> [as 
.ts] (D:\hackathon\Order_M
anagement_System\server\no
de_modules\ts-node\src\ind
ex.ts:1621:12)
    at Module.load (node:i
nternal/modules/cjs/loader
:1465:32)
    at Function._load (nod
e:internal/modules/cjs/loa
der:1282:12)
    at 
TracingChannel.traceSync (
node:diagnostics_channel:3
22:14) {
  clientVersion: '7.5.0',
  errorCode: undefined,
  retryable: undefined
}
